2026-07-25 11:58:59,353 | DEBUG    | masks - Маскировка номера карты: входные данные — 1234567890123456
2026-07-25 11:58:59,354 | INFO     | masks - Карта замаскирована успешно: 1234 56** **** 3456
2026-07-25 11:58:59,356 | DEBUG    | masks - Маскировка номера карты: входные данные — 1234 5678 9012 3456
2026-07-25 11:58:59,356 | INFO     | masks - Карта замаскирована успешно: 1234 56** **** 3456
2026-07-25 11:58:59,359 | DEBUG    | masks - Маскировка номера карты: входные данные — 1234
2026-07-25 11:58:59,359 | ERROR    | masks - Ошибка маскировки карты '1234': Номер карты должен содержать ровно 16 цифр.
2026-07-25 11:58:59,362 | DEBUG    | masks - Маскировка номера карты: входные данные — 12345678901234567
2026-07-25 11:58:59,362 | ERROR    | masks - Ошибка маскировки карты '12345678901234567': Номер карты должен содержать ровно 16 цифр.
2026-07-25 11:58:59,364 | DEBUG    | masks - Маскировка номера карты: входные данные — 
2026-07-25 11:58:59,364 | ERROR    | masks - Ошибка маскировки карты '': Номер карты должен содержать ровно 16 цифр.
2026-07-25 11:58:59,368 | DEBUG    | masks - Маскировка номера карты: входные данные — abcdEFGHijklMNOP
2026-07-25 11:58:59,368 | ERROR    | masks - Ошибка маскировки карты 'abcdEFGHijklMNOP': Номер карты должен содержать ровно 16 цифр.
2026-07-25 11:58:59,369 | DEBUG    | masks - Маскировка счёта: входные данные — 12345678901234567890
2026-07-25 11:58:59,370 | INFO     | masks - Счёт замаскирован успешно: **7890
2026-07-25 11:58:59,371 | DEBUG    | masks - Маскировка счёта: входные данные — 123
2026-07-25 11:58:59,371 | ERROR    | masks - Ошибка маскировки счёта '123': Номер счёта должен содержать не менее 4 цифр.
2026-07-25 11:58:59,373 | DEBUG    | masks - Маскировка счёта: входные данные — 12a4
2026-07-25 11:58:59,374 | ERROR    | masks - Ошибка маскировки счёта '12a4': Номер счёта должен содержать не менее 4 цифр.
2026-07-25 11:58:59,376 | DEBUG    | masks - Маскировка счёта: входные данные — 
2026-07-25 11:58:59,376 | ERROR    | masks - Ошибка маскировки счёта '': Номер счёта должен содержать не менее 4 цифр.
2026-07-25 11:58:59,399 | DEBUG    | masks - Маскировка счёта: входные данные — 9876543210
2026-07-25 11:58:59,399 | INFO     | masks - Счёт замаскирован успешно: **3210
2026-07-25 11:58:59,401 | DEBUG    | masks - Маскировка номера карты: входные данные — 1234567890123456
2026-07-25 11:58:59,401 | INFO     | masks - Карта замаскирована успешно: 1234 56** **** 3456
2026-07-25 11:58:59,402 | DEBUG    | masks - Маскировка номера карты: входные данные — 1111222233334444
2026-07-25 11:58:59,403 | INFO     | masks - Карта замаскирована успешно: 1111 22** **** 4444
2026-07-25 11:58:59,404 | DEBUG    | masks - Маскировка номера карты: входные данные — 9876543210987654
2026-07-25 11:58:59,404 | INFO     | masks - Карта замаскирована успешно: 9876 54** **** 7654
2026-07-25 11:58:59,407 | DEBUG    | masks - Маскировка счёта: входные данные — 98765432109876543210
2026-07-25 11:58:59,408 | INFO     | masks - Счёт замаскирован успешно: **3210
